------------------------------------------------------------
Timing Analyzer Summary
------------------------------------------------------------

Type  : Slow 1200mV 85C Model Setup 'CLOCK_50'
Slack : -3.762
TNS   : -43.381

Type  : Slow 1200mV 85C Model Setup 'sonar_pll|altpll_component|auto_generated|pll1|clk[0]'
Slack : -3.474
TNS   : -3.474

Type  : Slow 1200mV 85C Model Hold 'CLOCK_50'
Slack : 0.401
TNS   : 0.000

Type  : Slow 1200mV 85C Model Hold 'sonar_pll|altpll_component|auto_generated|pll1|clk[0]'
Slack : 0.402
TNS   : 0.000

Type  : Slow 1200mV 85C Model Minimum Pulse Width 'CLOCK_50'
Slack : 9.680
TNS   : 0.000

Type  : Slow 1200mV 85C Model Minimum Pulse Width 'sonar_pll|altpll_component|auto_generated|pll1|clk[0]'
Slack : 11.102
TNS   : 0.000

Type  : Slow 1200mV 0C Model Setup 'CLOCK_50'
Slack : -3.528
TNS   : -41.822

Type  : Slow 1200mV 0C Model Setup 'sonar_pll|altpll_component|auto_generated|pll1|clk[0]'
Slack : -3.016
TNS   : -3.016

Type  : Slow 1200mV 0C Model Hold 'CLOCK_50'
Slack : 0.353
TNS   : 0.000

Type  : Slow 1200mV 0C Model Hold 'sonar_pll|altpll_component|auto_generated|pll1|clk[0]'
Slack : 0.354
TNS   : 0.000

Type  : Slow 1200mV 0C Model Minimum Pulse Width 'CLOCK_50'
Slack : 9.688
TNS   : 0.000

Type  : Slow 1200mV 0C Model Minimum Pulse Width 'sonar_pll|altpll_component|auto_generated|pll1|clk[0]'
Slack : 11.087
TNS   : 0.000

Type  : Fast 1200mV 0C Model Setup 'CLOCK_50'
Slack : -1.994
TNS   : -22.527

Type  : Fast 1200mV 0C Model Setup 'sonar_pll|altpll_component|auto_generated|pll1|clk[0]'
Slack : -1.817
TNS   : -1.817

Type  : Fast 1200mV 0C Model Hold 'CLOCK_50'
Slack : 0.181
TNS   : 0.000

Type  : Fast 1200mV 0C Model Hold 'sonar_pll|altpll_component|auto_generated|pll1|clk[0]'
Slack : 0.181
TNS   : 0.000

Type  : Fast 1200mV 0C Model Minimum Pulse Width 'CLOCK_50'
Slack : 9.266
TNS   : 0.000

Type  : Fast 1200mV 0C Model Minimum Pulse Width 'sonar_pll|altpll_component|auto_generated|pll1|clk[0]'
Slack : 11.173
TNS   : 0.000

------------------------------------------------------------
