------------------------------------------------------------
Timing Analyzer Summary
------------------------------------------------------------

Type  : Slow 1100mV 85C Model Setup 'clk'
Slack : -13.272
TNS   : -85.380

Type  : Slow 1100mV 85C Model Setup 'PCLK'
Slack : -4.422
TNS   : -47.885

Type  : Slow 1100mV 85C Model Hold 'PCLK'
Slack : -0.390
TNS   : -0.773

Type  : Slow 1100mV 85C Model Hold 'clk'
Slack : 0.346
TNS   : 0.000

Type  : Slow 1100mV 85C Model Minimum Pulse Width 'PCLK'
Slack : 3.980
TNS   : 0.000

Type  : Slow 1100mV 85C Model Minimum Pulse Width 'clk'
Slack : 8.894
TNS   : 0.000

Type  : Slow 1100mV 0C Model Setup 'clk'
Slack : -14.134
TNS   : -92.102

Type  : Slow 1100mV 0C Model Setup 'PCLK'
Slack : -4.124
TNS   : -44.072

Type  : Slow 1100mV 0C Model Hold 'PCLK'
Slack : -0.568
TNS   : -1.305

Type  : Slow 1100mV 0C Model Hold 'clk'
Slack : 0.327
TNS   : 0.000

Type  : Slow 1100mV 0C Model Minimum Pulse Width 'PCLK'
Slack : 3.982
TNS   : 0.000

Type  : Slow 1100mV 0C Model Minimum Pulse Width 'clk'
Slack : 8.919
TNS   : 0.000

Type  : Fast 1100mV 85C Model Setup 'PCLK'
Slack : -3.263
TNS   : -36.878

Type  : Fast 1100mV 85C Model Setup 'clk'
Slack : 2.179
TNS   : 0.000

Type  : Fast 1100mV 85C Model Hold 'clk'
Slack : 0.181
TNS   : 0.000

Type  : Fast 1100mV 85C Model Hold 'PCLK'
Slack : 0.182
TNS   : 0.000

Type  : Fast 1100mV 85C Model Minimum Pulse Width 'PCLK'
Slack : 3.583
TNS   : 0.000

Type  : Fast 1100mV 85C Model Minimum Pulse Width 'clk'
Slack : 8.502
TNS   : 0.000

Type  : Fast 1100mV 0C Model Setup 'PCLK'
Slack : -2.601
TNS   : -29.517

Type  : Fast 1100mV 0C Model Setup 'clk'
Slack : 3.125
TNS   : 0.000

Type  : Fast 1100mV 0C Model Hold 'clk'
Slack : 0.171
TNS   : 0.000

Type  : Fast 1100mV 0C Model Hold 'PCLK'
Slack : 0.172
TNS   : 0.000

Type  : Fast 1100mV 0C Model Minimum Pulse Width 'PCLK'
Slack : 3.592
TNS   : 0.000

Type  : Fast 1100mV 0C Model Minimum Pulse Width 'clk'
Slack : 8.457
TNS   : 0.000

------------------------------------------------------------
